%% OpTeX <1.05 Jan.2022> - REF file
\Xrefversion{6}
% \refdecl:
\_def \_ctustyle_totlist {} \_def \_ctustyle_toflist {}
 \_def \_ctustyle_Xtab #1#2#3{\_addto \_ctustyle_totlist {\_ctustyle_totline {#1}{#2}{#3}}}
 \_def \_ctustyle_Xfig #1#2#3{\_addto \_ctustyle_toflist {\_ctustyle_tofline {#1}{#2}{#3}}} 
\_Xpage{1}{i}
\_Xpage{2}{ii}
\_Xpage{3}{iii}
\_Xpage{4}{iv}
\_Xpage{5}{v}
\_Xpage{6}{vi}
\_Xpage{7}{1}
\_Xtoc{1}{chap}{1}{}Úvod
\_Xtoc{2}{sec}{1.1}{}Myšlenka
